// Jest Snapshot v1, https://goo.gl/fbAQLP

exports[`Company ListView matches snapshot 1`] = `
Object {
  "asFragment": [Function],
  "baseElement": <body>
    <div>
      <div>
        <div
          class="ant-row"
        >
          <div
            class="ant-col ant-col-xs-24"
          >
            <div
              class="ant-table-wrapper"
            >
              <div
                class="ant-spin-nested-loading"
              >
                <div
                  class="ant-spin-container"
                >
                  <div
                    class="ant-table ant-table-bordered"
                  >
                    <div
                      class="ant-table-container"
                    >
                      <div
                        class="ant-table-content"
                      >
                        <table
                          style="table-layout: auto;"
                        >
                          <colgroup />
                          <thead
                            class="ant-table-thead"
                          >
                            <tr>
                              <th
                                class="ant-table-cell"
                              >
                                Company Name
                              </th>
                              <th
                                class="ant-table-cell"
                              >
                                Market Places
                              </th>
                              <th
                                class="ant-table-cell"
                              >
                                Action
                              </th>
                            </tr>
                          </thead>
                          <tbody
                            class="ant-table-tbody"
                          >
                            <tr
                              class="ant-table-row ant-table-row-level-0"
                              data-row-key="00000000-0000-0000-0000-000000000000"
                            >
                              <td
                                class="ant-table-cell"
                              >
                                My Good Looking Company
                              </td>
                              <td
                                class="ant-table-cell"
                              >
                                DE,UK,IT
                              </td>
                              <td
                                class="ant-table-cell"
                              >
                                <span>
                                  <a
                                    href="/companies/00000000-0000-0000-0000-000000000000"
                                  >
                                    Open
                                  </a>
                                </span>
                              </td>
                            </tr>
                          </tbody>
                        </table>
                      </div>
                    </div>
                  </div>
                </div>
              </div>
            </div>
          </div>
        </div>
      </div>
    </div>
  </body>,
  "container": <div>
    <div>
      <div
        class="ant-row"
      >
        <div
          class="ant-col ant-col-xs-24"
        >
          <div
            class="ant-table-wrapper"
          >
            <div
              class="ant-spin-nested-loading"
            >
              <div
                class="ant-spin-container"
              >
                <div
                  class="ant-table ant-table-bordered"
                >
                  <div
                    class="ant-table-container"
                  >
                    <div
                      class="ant-table-content"
                    >
                      <table
                        style="table-layout: auto;"
                      >
                        <colgroup />
                        <thead
                          class="ant-table-thead"
                        >
                          <tr>
                            <th
                              class="ant-table-cell"
                            >
                              Company Name
                            </th>
                            <th
                              class="ant-table-cell"
                            >
                              Market Places
                            </th>
                            <th
                              class="ant-table-cell"
                            >
                              Action
                            </th>
                          </tr>
                        </thead>
                        <tbody
                          class="ant-table-tbody"
                        >
                          <tr
                            class="ant-table-row ant-table-row-level-0"
                            data-row-key="00000000-0000-0000-0000-000000000000"
                          >
                            <td
                              class="ant-table-cell"
                            >
                              My Good Looking Company
                            </td>
                            <td
                              class="ant-table-cell"
                            >
                              DE,UK,IT
                            </td>
                            <td
                              class="ant-table-cell"
                            >
                              <span>
                                <a
                                  href="/companies/00000000-0000-0000-0000-000000000000"
                                >
                                  Open
                                </a>
                              </span>
                            </td>
                          </tr>
                        </tbody>
                      </table>
                    </div>
                  </div>
                </div>
              </div>
            </div>
          </div>
        </div>
      </div>
    </div>
  </div>,
  "debug": [Function],
  "findAllByAltText": [Function],
  "findAllByDisplayValue": [Function],
  "findAllByLabelText": [Function],
  "findAllByPlaceholderText": [Function],
  "findAllByRole": [Function],
  "findAllByTestId": [Function],
  "findAllByText": [Function],
  "findAllByTitle": [Function],
  "findByAltText": [Function],
  "findByDisplayValue": [Function],
  "findByLabelText": [Function],
  "findByPlaceholderText": [Function],
  "findByRole": [Function],
  "findByTestId": [Function],
  "findByText": [Function],
  "findByTitle": [Function],
  "getAllByAltText": [Function],
  "getAllByDisplayValue": [Function],
  "getAllByLabelText": [Function],
  "getAllByPlaceholderText": [Function],
  "getAllByRole": [Function],
  "getAllByTestId": [Function],
  "getAllByText": [Function],
  "getAllByTitle": [Function],
  "getByAltText": [Function],
  "getByDisplayValue": [Function],
  "getByLabelText": [Function],
  "getByPlaceholderText": [Function],
  "getByRole": [Function],
  "getByTestId": [Function],
  "getByText": [Function],
  "getByTitle": [Function],
  "queryAllByAltText": [Function],
  "queryAllByDisplayValue": [Function],
  "queryAllByLabelText": [Function],
  "queryAllByPlaceholderText": [Function],
  "queryAllByRole": [Function],
  "queryAllByTestId": [Function],
  "queryAllByText": [Function],
  "queryAllByTitle": [Function],
  "queryByAltText": [Function],
  "queryByDisplayValue": [Function],
  "queryByLabelText": [Function],
  "queryByPlaceholderText": [Function],
  "queryByRole": [Function],
  "queryByTestId": [Function],
  "queryByText": [Function],
  "queryByTitle": [Function],
  "rerender": [Function],
  "unmount": [Function],
}
`;
