// Jest Snapshot v1, https://goo.gl/fbAQLP

exports[`Protected Layout matches Snapshot 1`] = `
Object {
  "asFragment": [Function],
  "baseElement": <body>
    <div>
      <div
        class="css-w3ihf7-SidebarLayoutWrapper evhn4ae2"
      >
        <aside
          class="ant-layout-sider ant-layout-sider-dark css-fg5ay8-SidebarWrapper evhn4ae0"
          style="flex: 0 0 78px; max-width: 78px; min-width: 78px; width: 78px;"
        >
          <div
            class="ant-layout-sider-children"
          >
            <div
              class="css-17qfunh-FlexBoxDiv e1x7gwan2"
            >
              <div>
                <div
                  class="css-va9r8i-TitleDiv e1x7gwan1"
                >
                  <a
                    href="/"
                  >
                    <h2
                      class="css-1br8yq8-LogoName e1x7gwan0"
                    >
                      Space
                      <br />
                      Goats
                    </h2>
                  </a>
                  <hr />
                </div>
                <div
                  class=" css-1imfco6-NavItemOuterDiv ek60gb91"
                >
                  <div
                    class=" css-m82ati-NavItemInnerDiv ek60gb92"
                  >
                    <svg>
                      iconmonstr-building-46.svg
                    </svg>
                  </div>
                  <div
                    class="flyout css-1ev6f10-NavItemFlyout ek60gb90"
                  >
                    <span>
                      companies
                    </span>
                  </div>
                </div>
              </div>
            </div>
          </div>
        </aside>
        <section
          class="ant-layout css-crbcnx-PageWrapper evhn4ae1"
        >
          <main
            class="ant-layout-content css-hzyx1i-StyledContent e3kcq9h1"
          >
            <p>
              Hey there
            </p>
          </main>
        </section>
      </div>
    </div>
  </body>,
  "container": <div>
    <div
      class="css-w3ihf7-SidebarLayoutWrapper evhn4ae2"
    >
      <aside
        class="ant-layout-sider ant-layout-sider-dark css-fg5ay8-SidebarWrapper evhn4ae0"
        style="flex: 0 0 78px; max-width: 78px; min-width: 78px; width: 78px;"
      >
        <div
          class="ant-layout-sider-children"
        >
          <div
            class="css-17qfunh-FlexBoxDiv e1x7gwan2"
          >
            <div>
              <div
                class="css-va9r8i-TitleDiv e1x7gwan1"
              >
                <a
                  href="/"
                >
                  <h2
                    class="css-1br8yq8-LogoName e1x7gwan0"
                  >
                    Space
                    <br />
                    Goats
                  </h2>
                </a>
                <hr />
              </div>
              <div
                class=" css-1imfco6-NavItemOuterDiv ek60gb91"
              >
                <div
                  class=" css-m82ati-NavItemInnerDiv ek60gb92"
                >
                  <svg>
                    iconmonstr-building-46.svg
                  </svg>
                </div>
                <div
                  class="flyout css-1ev6f10-NavItemFlyout ek60gb90"
                >
                  <span>
                    companies
                  </span>
                </div>
              </div>
            </div>
          </div>
        </div>
      </aside>
      <section
        class="ant-layout css-crbcnx-PageWrapper evhn4ae1"
      >
        <main
          class="ant-layout-content css-hzyx1i-StyledContent e3kcq9h1"
        >
          <p>
            Hey there
          </p>
        </main>
      </section>
    </div>
  </div>,
  "debug": [Function],
  "findAllByAltText": [Function],
  "findAllByDisplayValue": [Function],
  "findAllByLabelText": [Function],
  "findAllByPlaceholderText": [Function],
  "findAllByRole": [Function],
  "findAllByTestId": [Function],
  "findAllByText": [Function],
  "findAllByTitle": [Function],
  "findByAltText": [Function],
  "findByDisplayValue": [Function],
  "findByLabelText": [Function],
  "findByPlaceholderText": [Function],
  "findByRole": [Function],
  "findByTestId": [Function],
  "findByText": [Function],
  "findByTitle": [Function],
  "getAllByAltText": [Function],
  "getAllByDisplayValue": [Function],
  "getAllByLabelText": [Function],
  "getAllByPlaceholderText": [Function],
  "getAllByRole": [Function],
  "getAllByTestId": [Function],
  "getAllByText": [Function],
  "getAllByTitle": [Function],
  "getByAltText": [Function],
  "getByDisplayValue": [Function],
  "getByLabelText": [Function],
  "getByPlaceholderText": [Function],
  "getByRole": [Function],
  "getByTestId": [Function],
  "getByText": [Function],
  "getByTitle": [Function],
  "queryAllByAltText": [Function],
  "queryAllByDisplayValue": [Function],
  "queryAllByLabelText": [Function],
  "queryAllByPlaceholderText": [Function],
  "queryAllByRole": [Function],
  "queryAllByTestId": [Function],
  "queryAllByText": [Function],
  "queryAllByTitle": [Function],
  "queryByAltText": [Function],
  "queryByDisplayValue": [Function],
  "queryByLabelText": [Function],
  "queryByPlaceholderText": [Function],
  "queryByRole": [Function],
  "queryByTestId": [Function],
  "queryByText": [Function],
  "queryByTitle": [Function],
  "rerender": [Function],
  "unmount": [Function],
}
`;
